Command line invocation:
    /Applications/Xcode_16.4.app/Contents/Developer/usr/bin/xcodebuild -project AuroraMusic.xcodeproj -scheme AuroraMusic -configuration Release -sdk iphoneos -derivedDataPath build -destination generic/platform=iOS CODE_SIGN_IDENTITY= CODE_SIGNING_REQUIRED=NO CODE_SIGNING_ALLOWED=NO CODE_SIGN_ENTITLEMENTS= DEVELOPMENT_TEAM= build

Build settings from command line:
    CODE_SIGN_ENTITLEMENTS = 
    CODE_SIGN_IDENTITY = 
    CODE_SIGNING_ALLOWED = NO
    CODE_SIGNING_REQUIRED = NO
    DEVELOPMENT_TEAM = 
    SDKROOT = iphoneos18.5

note: Using codesigning identity override: 
ComputePackagePrebuildTargetDependencyGraph

Prepare packages

CreateBuildRequest

SendProjectDescription

CreateBuildOperation

ComputeTargetDependencyGraph
note: Building targets in dependency order
note: Target dependency graph (1 target)
    Target 'AuroraMusic' in project 'AuroraMusic' (no dependencies)

GatherProvisioningInputs

CreateBuildDescription

ExecuteExternalTool /Applications/Xcode_16.4.app/Contents/Developer/usr/bin/actool --print-asset-tag-combinations --output-format xml1 /Users/runner/work/KUgou/KUgou/ios/Sources/Resources/Assets.xcassets

ExecuteExternalTool /Applications/Xcode_16.4.app/Contents/Developer/Toolchains/XcodeDefault.xctoolchain/usr/bin/clang -v -E -dM -isysroot /Applications/Xcode_16.4.app/Contents/Developer/Platforms/iPhoneOS.platform/Developer/SDKs/iPhoneOS18.5.sdk -x c -c /dev/null

ExecuteExternalTool /Applications/Xcode_16.4.app/Contents/Developer/usr/bin/actool --version --output-format xml1

ExecuteExternalTool /Applications/Xcode_16.4.app/Contents/Developer/Toolchains/XcodeDefault.xctoolchain/usr/bin/swiftc --version

ExecuteExternalTool /Applications/Xcode_16.4.app/Contents/Developer/Toolchains/XcodeDefault.xctoolchain/usr/bin/ld -version_details

Build description signature: fb9454828cf07575edaafb66fa9cbbde
Build description path: /Users/runner/work/KUgou/KUgou/ios/build/Build/Intermediates.noindex/XCBuildData/fb9454828cf07575edaafb66fa9cbbde.xcbuilddata
ClangStatCache /Applications/Xcode_16.4.app/Contents/Developer/Toolchains/XcodeDefault.xctoolchain/usr/bin/clang-stat-cache /Applications/Xcode_16.4.app/Contents/Developer/Platforms/iPhoneOS.platform/Developer/SDKs/iPhoneOS18.5.sdk /Users/runner/work/KUgou/KUgou/ios/build/SDKStatCaches.noindex/iphoneos18.5-22F76-a529daf784b3616c7c04a36aeb7f5c05.sdkstatcache
    cd /Users/runner/work/KUgou/KUgou/ios/AuroraMusic.xcodeproj
    /Applications/Xcode_16.4.app/Contents/Developer/Toolchains/XcodeDefault.xctoolchain/usr/bin/clang-stat-cache /Applications/Xcode_16.4.app/Contents/Developer/Platforms/iPhoneOS.platform/Developer/SDKs/iPhoneOS18.5.sdk -o /Users/runner/work/KUgou/KUgou/ios/build/SDKStatCaches.noindex/iphoneos18.5-22F76-a529daf784b3616c7c04a36aeb7f5c05.sdkstatcache

CreateBuildDirectory /Users/runner/work/KUgou/KUgou/ios/build/Build/Products
    cd /Users/runner/work/KUgou/KUgou/ios/AuroraMusic.xcodeproj
    builtin-create-build-directory /Users/runner/work/KUgou/KUgou/ios/build/Build/Products

CreateBuildDirectory /Users/runner/work/KUgou/KUgou/ios/build/Build/Intermediates.noindex
    cd /Users/runner/work/KUgou/KUgou/ios/AuroraMusic.xcodeproj
    builtin-create-build-directory /Users/runner/work/KUgou/KUgou/ios/build/Build/Intermediates.noindex

CreateBuildDirectory /Users/runner/work/KUgou/KUgou/ios/build/Build/Products/Release-iphoneos
    cd /Users/runner/work/KUgou/KUgou/ios/AuroraMusic.xcodeproj
    builtin-create-build-directory /Users/runner/work/KUgou/KUgou/ios/build/Build/Products/Release-iphoneos

WriteAuxiliaryFile /Users/runner/work/KUgou/KUgou/ios/build/Build/Intermediates.noindex/AuroraMusic.build/Release-iphoneos/AuroraMusic-6b308c689e8be67d8c67c4bdcb629587-VFS-iphoneos/all-product-headers.yaml
    cd /Users/runner/work/KUgou/KUgou/ios/AuroraMusic.xcodeproj
    write-file /Users/runner/work/KUgou/KUgou/ios/build/Build/Intermediates.noindex/AuroraMusic.build/Release-iphoneos/AuroraMusic-6b308c689e8be67d8c67c4bdcb629587-VFS-iphoneos/all-product-headers.yaml

CreateBuildDirectory /Users/runner/work/KUgou/KUgou/ios/build/Build/Intermediates.noindex/EagerLinkingTBDs/Release-iphoneos
    cd /Users/runner/work/KUgou/KUgou/ios/AuroraMusic.xcodeproj
    builtin-create-build-directory /Users/runner/work/KUgou/KUgou/ios/build/Build/Intermediates.noindex/EagerLinkingTBDs/Release-iphoneos

WriteAuxiliaryFile /Users/runner/work/KUgou/KUgou/ios/build/Build/Intermediates.noindex/AuroraMusic.build/Release-iphoneos/AuroraMusic.build/Objects-normal/arm64/AuroraMusic_const_extract_protocols.json (in target 'AuroraMusic' from project 'AuroraMusic')
    cd /Users/runner/work/KUgou/KUgou/ios
    write-file /Users/runner/work/KUgou/KUgou/ios/build/Build/Intermediates.noindex/AuroraMusic.build/Release-iphoneos/AuroraMusic.build/Objects-normal/arm64/AuroraMusic_const_extract_protocols.json

WriteAuxiliaryFile /Users/runner/work/KUgou/KUgou/ios/build/Build/Intermediates.noindex/AuroraMusic.build/Release-iphoneos/AuroraMusic.build/Objects-normal/arm64/AuroraMusic.SwiftFileList (in target 'AuroraMusic' from project 'AuroraMusic')
    cd /Users/runner/work/KUgou/KUgou/ios
    write-file /Users/runner/work/KUgou/KUgou/ios/build/Build/Intermediates.noindex/AuroraMusic.build/Release-iphoneos/AuroraMusic.build/Objects-normal/arm64/AuroraMusic.SwiftFileList

WriteAuxiliaryFile /Users/runner/work/KUgou/KUgou/ios/build/Build/Intermediates.noindex/AuroraMusic.build/Release-iphoneos/AuroraMusic.build/Objects-normal/arm64/AuroraMusic.SwiftConstValuesFileList (in target 'AuroraMusic' from project 'AuroraMusic')
    cd /Users/runner/work/KUgou/KUgou/ios
    write-file /Users/runner/work/KUgou/KUgou/ios/build/Build/Intermediates.noindex/AuroraMusic.build/Release-iphoneos/AuroraMusic.build/Objects-normal/arm64/AuroraMusic.SwiftConstValuesFileList

WriteAuxiliaryFile /Users/runner/work/KUgou/KUgou/ios/build/Build/Intermediates.noindex/AuroraMusic.build/Release-iphoneos/AuroraMusic.build/Objects-normal/arm64/AuroraMusic.LinkFileList (in target 'AuroraMusic' from project 'AuroraMusic')
    cd /Users/runner/work/KUgou/KUgou/ios
    write-file /Users/runner/work/KUgou/KUgou/ios/build/Build/Intermediates.noindex/AuroraMusic.build/Release-iphoneos/AuroraMusic.build/Objects-normal/arm64/AuroraMusic.LinkFileList

WriteAuxiliaryFile /Users/runner/work/KUgou/KUgou/ios/build/Build/Intermediates.noindex/AuroraMusic.build/Release-iphoneos/AuroraMusic.build/Objects-normal/arm64/AuroraMusic-OutputFileMap.json (in target 'AuroraMusic' from project 'AuroraMusic')
    cd /Users/runner/work/KUgou/KUgou/ios
    write-file /Users/runner/work/KUgou/KUgou/ios/build/Build/Intermediates.noindex/AuroraMusic.build/Release-iphoneos/AuroraMusic.build/Objects-normal/arm64/AuroraMusic-OutputFileMap.json

WriteAuxiliaryFile /Users/runner/work/KUgou/KUgou/ios/build/Build/Intermediates.noindex/AuroraMusic.build/Release-iphoneos/AuroraMusic.build/AuroraMusic.hmap (in target 'AuroraMusic' from project 'AuroraMusic')
    cd /Users/runner/work/KUgou/KUgou/ios
    write-file /Users/runner/work/KUgou/KUgou/ios/build/Build/Intermediates.noindex/AuroraMusic.build/Release-iphoneos/AuroraMusic.build/AuroraMusic.hmap

WriteAuxiliaryFile /Users/runner/work/KUgou/KUgou/ios/build/Build/Intermediates.noindex/AuroraMusic.build/Release-iphoneos/AuroraMusic.build/AuroraMusic.DependencyStaticMetadataFileList (in target 'AuroraMusic' from project 'AuroraMusic')
    cd /Users/runner/work/KUgou/KUgou/ios
    write-file /Users/runner/work/KUgou/KUgou/ios/build/Build/Intermediates.noindex/AuroraMusic.build/Release-iphoneos/AuroraMusic.build/AuroraMusic.DependencyStaticMetadataFileList

WriteAuxiliaryFile /Users/runner/work/KUgou/KUgou/ios/build/Build/Intermediates.noindex/AuroraMusic.build/Release-iphoneos/AuroraMusic.build/AuroraMusic.DependencyMetadataFileList (in target 'AuroraMusic' from project 'AuroraMusic')
    cd /Users/runner/work/KUgou/KUgou/ios
    write-file /Users/runner/work/KUgou/KUgou/ios/build/Build/Intermediates.noindex/AuroraMusic.build/Release-iphoneos/AuroraMusic.build/AuroraMusic.DependencyMetadataFileList

WriteAuxiliaryFile /Users/runner/work/KUgou/KUgou/ios/build/Build/Intermediates.noindex/AuroraMusic.build/Release-iphoneos/AuroraMusic.build/AuroraMusic-project-headers.hmap (in target 'AuroraMusic' from project 'AuroraMusic')
    cd /Users/runner/work/KUgou/KUgou/ios
    write-file /Users/runner/work/KUgou/KUgou/ios/build/Build/Intermediates.noindex/AuroraMusic.build/Release-iphoneos/AuroraMusic.build/AuroraMusic-project-headers.hmap

WriteAuxiliaryFile /Users/runner/work/KUgou/KUgou/ios/build/Build/Intermediates.noindex/AuroraMusic.build/Release-iphoneos/AuroraMusic.build/AuroraMusic-own-target-headers.hmap (in target 'AuroraMusic' from project 'AuroraMusic')
    cd /Users/runner/work/KUgou/KUgou/ios
    write-file /Users/runner/work/KUgou/KUgou/ios/build/Build/Intermediates.noindex/AuroraMusic.build/Release-iphoneos/AuroraMusic.build/AuroraMusic-own-target-headers.hmap

WriteAuxiliaryFile /Users/runner/work/KUgou/KUgou/ios/build/Build/Intermediates.noindex/AuroraMusic.build/Release-iphoneos/AuroraMusic.build/AuroraMusic-generated-files.hmap (in target 'AuroraMusic' from project 'AuroraMusic')
    cd /Users/runner/work/KUgou/KUgou/ios
    write-file /Users/runner/work/KUgou/KUgou/ios/build/Build/Intermediates.noindex/AuroraMusic.build/Release-iphoneos/AuroraMusic.build/AuroraMusic-generated-files.hmap

WriteAuxiliaryFile /Users/runner/work/KUgou/KUgou/ios/build/Build/Intermediates.noindex/AuroraMusic.build/Release-iphoneos/AuroraMusic.build/AuroraMusic-all-target-headers.hmap (in target 'AuroraMusic' from project 'AuroraMusic')
    cd /Users/runner/work/KUgou/KUgou/ios
    write-file /Users/runner/work/KUgou/KUgou/ios/build/Build/Intermediates.noindex/AuroraMusic.build/Release-iphoneos/AuroraMusic.build/AuroraMusic-all-target-headers.hmap

WriteAuxiliaryFile /Users/runner/work/KUgou/KUgou/ios/build/Build/Intermediates.noindex/AuroraMusic.build/Release-iphoneos/AuroraMusic.build/AuroraMusic-all-non-framework-target-headers.hmap (in target 'AuroraMusic' from project 'AuroraMusic')
    cd /Users/runner/work/KUgou/KUgou/ios
    write-file /Users/runner/work/KUgou/KUgou/ios/build/Build/Intermediates.noindex/AuroraMusic.build/Release-iphoneos/AuroraMusic.build/AuroraMusic-all-non-framework-target-headers.hmap

MkDir /Users/runner/work/KUgou/KUgou/ios/build/Build/Products/Release-iphoneos/AuroraMusic.app (in target 'AuroraMusic' from project 'AuroraMusic')
    cd /Users/runner/work/KUgou/KUgou/ios
    /bin/mkdir -p /Users/runner/work/KUgou/KUgou/ios/build/Build/Products/Release-iphoneos/AuroraMusic.app

MkDir /Users/runner/work/KUgou/KUgou/ios/build/Build/Intermediates.noindex/AuroraMusic.build/Release-iphoneos/AuroraMusic.build/assetcatalog_output/thinned (in target 'AuroraMusic' from project 'AuroraMusic')
    cd /Users/runner/work/KUgou/KUgou/ios
    /bin/mkdir -p /Users/runner/work/KUgou/KUgou/ios/build/Build/Intermediates.noindex/AuroraMusic.build/Release-iphoneos/AuroraMusic.build/assetcatalog_output/thinned

MkDir /Users/runner/work/KUgou/KUgou/ios/build/Build/Intermediates.noindex/AuroraMusic.build/Release-iphoneos/AuroraMusic.build/assetcatalog_output/unthinned (in target 'AuroraMusic' from project 'AuroraMusic')
    cd /Users/runner/work/KUgou/KUgou/ios
    /bin/mkdir -p /Users/runner/work/KUgou/KUgou/ios/build/Build/Intermediates.noindex/AuroraMusic.build/Release-iphoneos/AuroraMusic.build/assetcatalog_output/unthinned

GenerateAssetSymbols /Users/runner/work/KUgou/KUgou/ios/Sources/Resources/Assets.xcassets (in target 'AuroraMusic' from project 'AuroraMusic')
    cd /Users/runner/work/KUgou/KUgou/ios
    /Applications/Xcode_16.4.app/Contents/Developer/usr/bin/actool /Users/runner/work/KUgou/KUgou/ios/Sources/Resources/Assets.xcassets --compile /Users/runner/work/KUgou/KUgou/ios/build/Build/Products/Release-iphoneos/AuroraMusic.app --output-format human-readable-text --notices --warnings --export-dependency-info /Users/runner/work/KUgou/KUgou/ios/build/Build/Intermediates.noindex/AuroraMusic.build/Release-iphoneos/AuroraMusic.build/assetcatalog_dependencies --output-partial-info-plist /Users/runner/work/KUgou/KUgou/ios/build/Build/Intermediates.noindex/AuroraMusic.build/Release-iphoneos/AuroraMusic.build/assetcatalog_generated_info.plist --app-icon AppIcon --accent-color AccentColor --compress-pngs --enable-on-demand-resources YES --development-region en --target-device iphone --target-device ipad --minimum-deployment-target 16.0 --platform iphoneos --bundle-identifier com.aurora.music --generate-swift-asset-symbol-extensions NO --generate-swift-asset-symbols /Users/runner/work/KUgou/KUgou/ios/build/Build/Intermediates.noindex/AuroraMusic.build/Release-iphoneos/AuroraMusic.build/DerivedSources/GeneratedAssetSymbols.swift --generate-objc-asset-symbols /Users/runner/work/KUgou/KUgou/ios/build/Build/Intermediates.noindex/AuroraMusic.build/Release-iphoneos/AuroraMusic.build/DerivedSources/GeneratedAssetSymbols.h --generate-asset-symbol-index /Users/runner/work/KUgou/KUgou/ios/build/Build/Intermediates.noindex/AuroraMusic.build/Release-iphoneos/AuroraMusic.build/DerivedSources/GeneratedAssetSymbols-Index.plist
/* com.apple.actool.compilation-results */
/Users/runner/work/KUgou/KUgou/ios/build/Build/Intermediates.noindex/AuroraMusic.build/Release-iphoneos/AuroraMusic.build/DerivedSources/GeneratedAssetSymbols-Index.plist
/Users/runner/work/KUgou/KUgou/ios/build/Build/Intermediates.noindex/AuroraMusic.build/Release-iphoneos/AuroraMusic.build/DerivedSources/GeneratedAssetSymbols.h
/Users/runner/work/KUgou/KUgou/ios/build/Build/Intermediates.noindex/AuroraMusic.build/Release-iphoneos/AuroraMusic.build/DerivedSources/GeneratedAssetSymbols.swift


CompileAssetCatalogVariant thinned /Users/runner/work/KUgou/KUgou/ios/build/Build/Products/Release-iphoneos/AuroraMusic.app /Users/runner/work/KUgou/KUgou/ios/Sources/Resources/Assets.xcassets (in target 'AuroraMusic' from project 'AuroraMusic')
    cd /Users/runner/work/KUgou/KUgou/ios
    /Applications/Xcode_16.4.app/Contents/Developer/usr/bin/actool /Users/runner/work/KUgou/KUgou/ios/Sources/Resources/Assets.xcassets --compile /Users/runner/work/KUgou/KUgou/ios/build/Build/Intermediates.noindex/AuroraMusic.build/Release-iphoneos/AuroraMusic.build/assetcatalog_output/thinned --output-format human-readable-text --notices --warnings --export-dependency-info /Users/runner/work/KUgou/KUgou/ios/build/Build/Intermediates.noindex/AuroraMusic.build/Release-iphoneos/AuroraMusic.build/assetcatalog_dependencies_thinned --output-partial-info-plist /Users/runner/work/KUgou/KUgou/ios/build/Build/Intermediates.noindex/AuroraMusic.build/Release-iphoneos/AuroraMusic.build/assetcatalog_generated_info.plist_thinned --app-icon AppIcon --accent-color AccentColor --compress-pngs --enable-on-demand-resources YES --development-region en --target-device iphone --target-device ipad --minimum-deployment-target 16.0 --platform iphoneos

SwiftDriver AuroraMusic normal arm64 com.apple.xcode.tools.swift.compiler (in target 'AuroraMusic' from project 'AuroraMusic')
    cd /Users/runner/work/KUgou/KUgou/ios
    builtin-SwiftDriver -- /Applications/Xcode_16.4.app/Contents/Developer/Toolchains/XcodeDefault.xctoolchain/usr/bin/swiftc -module-name AuroraMusic -O -whole-module-optimization -enforce-exclusivity\=checked @/Users/runner/work/KUgou/KUgou/ios/build/Build/Intermediates.noindex/AuroraMusic.build/Release-iphoneos/AuroraMusic.build/Objects-normal/arm64/AuroraMusic.SwiftFileList -enable-bare-slash-regex -enable-experimental-feature DebugDescriptionMacro -sdk /Applications/Xcode_16.4.app/Contents/Developer/Platforms/iPhoneOS.platform/Developer/SDKs/iPhoneOS18.5.sdk -target arm64-apple-ios16.0 -g -module-cache-path /Users/runner/work/KUgou/KUgou/ios/build/ModuleCache.noindex -Xfrontend -serialize-debugging-options -swift-version 5 -I /Users/runner/work/KUgou/KUgou/ios/build/Build/Products/Release-iphoneos -F /Users/runner/work/KUgou/KUgou/ios/build/Build/Products/Release-iphoneos -emit-localized-strings -emit-localized-strings-path /Users/runner/work/KUgou/KUgou/ios/build/Build/Intermediates.noindex/AuroraMusic.build/Release-iphoneos/AuroraMusic.build/Objects-normal/arm64 -c -num-threads 3 -Xcc -ivfsstatcache -Xcc /Users/runner/work/KUgou/KUgou/ios/build/SDKStatCaches.noindex/iphoneos18.5-22F76-a529daf784b3616c7c04a36aeb7f5c05.sdkstatcache -output-file-map /Users/runner/work/KUgou/KUgou/ios/build/Build/Intermediates.noindex/AuroraMusic.build/Release-iphoneos/AuroraMusic.build/Objects-normal/arm64/AuroraMusic-OutputFileMap.json -use-frontend-parseable-output -save-temps -no-color-diagnostics -serialize-diagnostics -emit-dependencies -emit-module -emit-module-path /Users/runner/work/KUgou/KUgou/ios/build/Build/Intermediates.noindex/AuroraMusic.build/Release-iphoneos/AuroraMusic.build/Objects-normal/arm64/AuroraMusic.swiftmodule -validate-clang-modules-once -clang-build-session-file /Users/runner/work/KUgou/KUgou/ios/build/ModuleCache.noindex/Session.modulevalidation -Xcc -I/Users/runner/work/KUgou/KUgou/ios/build/Build/Intermediates.noindex/AuroraMusic.build/Release-iphoneos/AuroraMusic.build/swift-overrides.hmap -emit-const-values -Xfrontend -const-gather-protocols-file -Xfrontend /Users/runner/work/KUgou/KUgou/ios/build/Build/Intermediates.noindex/AuroraMusic.build/Release-iphoneos/AuroraMusic.build/Objects-normal/arm64/AuroraMusic_const_extract_protocols.json -Xcc -iquote -Xcc /Users/runner/work/KUgou/KUgou/ios/build/Build/Intermediates.noindex/AuroraMusic.build/Release-iphoneos/AuroraMusic.build/AuroraMusic-generated-files.hmap -Xcc -I/Users/runner/work/KUgou/KUgou/ios/build/Build/Intermediates.noindex/AuroraMusic.build/Release-iphoneos/AuroraMusic.build/AuroraMusic-own-target-headers.hmap -Xcc -I/Users/runner/work/KUgou/KUgou/ios/build/Build/Intermediates.noindex/AuroraMusic.build/Release-iphoneos/AuroraMusic.build/AuroraMusic-all-target-headers.hmap -Xcc -iquote -Xcc /Users/runner/work/KUgou/KUgou/ios/build/Build/Intermediates.noindex/AuroraMusic.build/Release-iphoneos/AuroraMusic.build/AuroraMusic-project-headers.hmap -Xcc -I/Users/runner/work/KUgou/KUgou/ios/build/Build/Products/Release-iphoneos/include -Xcc -I/Users/runner/work/KUgou/KUgou/ios/build/Build/Intermediates.noindex/AuroraMusic.build/Release-iphoneos/AuroraMusic.build/DerivedSources-normal/arm64 -Xcc -I/Users/runner/work/KUgou/KUgou/ios/build/Build/Intermediates.noindex/AuroraMusic.build/Release-iphoneos/AuroraMusic.build/DerivedSources/arm64 -Xcc -I/Users/runner/work/KUgou/KUgou/ios/build/Build/Intermediates.noindex/AuroraMusic.build/Release-iphoneos/AuroraMusic.build/DerivedSources -emit-objc-header -emit-objc-header-path /Users/runner/work/KUgou/KUgou/ios/build/Build/Intermediates.noindex/AuroraMusic.build/Release-iphoneos/AuroraMusic.build/Objects-normal/arm64/AuroraMusic-Swift.h -working-directory /Users/runner/work/KUgou/KUgou/ios -no-emit-module-separately-wmo

SwiftCompile normal arm64 Compiling\ ArtworkPalette.swift,\ AuroraMusicApp.swift,\ Catalog.swift,\ Components.swift,\ DiscoverView.swift,\ DownloadManager.swift,\ LibraryStore.swift,\ LibraryView.swift,\ LyricLine.swift,\ LyricsView.swift,\ NetEaseClient.swift,\ NetEaseCrypto.swift,\ PlayerStore.swift,\ PlayerView.swift,\ PlaylistViews.swift,\ ProfileView.swift,\ QueueView.swift,\ RootView.swift,\ ScriptSourceRunner.swift,\ SearchView.swift,\ Song.swift,\ SourceResolver.swift,\ SourceSettingsView.swift,\ ThirdPartySource.swift,\ GeneratedAssetSymbols.swift /Users/runner/work/KUgou/KUgou/ios/Sources/Player/ArtworkPalette.swift /Users/runner/work/KUgou/KUgou/ios/Sources/App/AuroraMusicApp.swift /Users/runner/work/KUgou/KUgou/ios/Sources/Models/Catalog.swift /Users/runner/work/KUgou/KUgou/ios/Sources/Views/Components.swift /Users/runner/work/KUgou/KUgou/ios/Sources/Views/DiscoverView.swift /Users/runner/work/KUgou/KUgou/ios/Sources/Player/DownloadManager.swift /Users/runner/work/KUgou/KUgou/ios/Sources/Player/LibraryStore.swift /Users/runner/work/KUgou/KUgou/ios/Sources/Views/LibraryView.swift /Users/runner/work/KUgou/KUgou/ios/Sources/Models/LyricLine.swift /Users/runner/work/KUgou/KUgou/ios/Sources/Views/LyricsView.swift /Users/runner/work/KUgou/KUgou/ios/Sources/Net/NetEaseClient.swift /Users/runner/work/KUgou/KUgou/ios/Sources/Net/NetEaseCrypto.swift /Users/runner/work/KUgou/KUgou/ios/Sources/Player/PlayerStore.swift /Users/runner/work/KUgou/KUgou/ios/Sources/Views/PlayerView.swift /Users/runner/work/KUgou/KUgou/ios/Sources/Views/PlaylistViews.swift /Users/runner/work/KUgou/KUgou/ios/Sources/Views/ProfileView.swift /Users/runner/work/KUgou/KUgou/ios/Sources/Views/QueueView.swift /Users/runner/work/KUgou/KUgou/ios/Sources/Views/RootView.swift /Users/runner/work/KUgou/KUgou/ios/Sources/Net/ScriptSourceRunner.swift /Users/runner/work/KUgou/KUgou/ios/Sources/Views/SearchView.swift /Users/runner/work/KUgou/KUgou/ios/Sources/Models/Song.swift /Users/runner/work/KUgou/KUgou/ios/Sources/Net/SourceResolver.swift /Users/runner/work/KUgou/KUgou/ios/Sources/Views/SourceSettingsView.swift /Users/runner/work/KUgou/KUgou/ios/Sources/Net/ThirdPartySource.swift /Users/runner/work/KUgou/KUgou/ios/build/Build/Intermediates.noindex/AuroraMusic.build/Release-iphoneos/AuroraMusic.build/DerivedSources/GeneratedAssetSymbols.swift (in target 'AuroraMusic' from project 'AuroraMusic')
Failed frontend command:
/Applications/Xcode_16.4.app/Contents/Developer/Toolchains/XcodeDefault.xctoolchain/usr/bin/swift-frontend -frontend -c /Users/runner/work/KUgou/KUgou/ios/Sources/Player/ArtworkPalette.swift /Users/runner/work/KUgou/KUgou/ios/Sources/App/AuroraMusicApp.swift /Users/runner/work/KUgou/KUgou/ios/Sources/Models/Catalog.swift /Users/runner/work/KUgou/KUgou/ios/Sources/Views/Components.swift /Users/runner/work/KUgou/KUgou/ios/Sources/Views/DiscoverView.swift /Users/runner/work/KUgou/KUgou/ios/Sources/Player/DownloadManager.swift /Users/runner/work/KUgou/KUgou/ios/Sources/Player/LibraryStore.swift /Users/runner/work/KUgou/KUgou/ios/Sources/Views/LibraryView.swift /Users/runner/work/KUgou/KUgou/ios/Sources/Models/LyricLine.swift /Users/runner/work/KUgou/KUgou/ios/Sources/Views/LyricsView.swift /Users/runner/work/KUgou/KUgou/ios/Sources/Net/NetEaseClient.swift /Users/runner/work/KUgou/KUgou/ios/Sources/Net/NetEaseCrypto.swift /Users/runner/work/KUgou/KUgou/ios/Sources/Player/PlayerStore.swift /Users/runner/work/KUgou/KUgou/ios/Sources/Views/PlayerView.swift /Users/runner/work/KUgou/KUgou/ios/Sources/Views/PlaylistViews.swift /Users/runner/work/KUgou/KUgou/ios/Sources/Views/ProfileView.swift /Users/runner/work/KUgou/KUgou/ios/Sources/Views/QueueView.swift /Users/runner/work/KUgou/KUgou/ios/Sources/Views/RootView.swift /Users/runner/work/KUgou/KUgou/ios/Sources/Net/ScriptSourceRunner.swift /Users/runner/work/KUgou/KUgou/ios/Sources/Views/SearchView.swift /Users/runner/work/KUgou/KUgou/ios/Sources/Models/Song.swift /Users/runner/work/KUgou/KUgou/ios/Sources/Net/SourceResolver.swift /Users/runner/work/KUgou/KUgou/ios/Sources/Views/SourceSettingsView.swift /Users/runner/work/KUgou/KUgou/ios/Sources/Net/ThirdPartySource.swift /Users/runner/work/KUgou/KUgou/ios/build/Build/Intermediates.noindex/AuroraMusic.build/Release-iphoneos/AuroraMusic.build/DerivedSources/GeneratedAssetSymbols.swift -supplementary-output-file-map /Users/runner/work/KUgou/KUgou/ios/build/Build/Intermediates.noindex/AuroraMusic.build/Release-iphoneos/AuroraMusic.build/Objects-normal/arm64/supplementaryOutputs-1 -emit-localized-strings -emit-localized-strings-path /Users/runner/work/KUgou/KUgou/ios/build/Build/Intermediates.noindex/AuroraMusic.build/Release-iphoneos/AuroraMusic.build/Objects-normal/arm64 -target arm64-apple-ios16.0 -Xllvm -aarch64-use-tbi -enable-objc-interop -stack-check -sdk /Applications/Xcode_16.4.app/Contents/Developer/Platforms/iPhoneOS.platform/Developer/SDKs/iPhoneOS18.5.sdk -I /Users/runner/work/KUgou/KUgou/ios/build/Build/Products/Release-iphoneos -F /Users/runner/work/KUgou/KUgou/ios/build/Build/Products/Release-iphoneos -no-color-diagnostics -g -debug-info-format\=dwarf -dwarf-version\=4 -module-cache-path /Users/runner/work/KUgou/KUgou/ios/build/ModuleCache.noindex -swift-version 5 -enforce-exclusivity\=checked -O -serialize-debugging-options -const-gather-protocols-file /Users/runner/work/KUgou/KUgou/ios/build/Build/Intermediates.noindex/AuroraMusic.build/Release-iphoneos/AuroraMusic.build/Objects-normal/arm64/AuroraMusic_const_extract_protocols.json -enable-experimental-feature DebugDescriptionMacro -enable-bare-slash-regex -empty-abi-descriptor -validate-clang-modules-once -clang-build-session-file /Users/runner/work/KUgou/KUgou/ios/build/ModuleCache.noindex/Session.modulevalidation -Xcc -working-directory -Xcc /Users/runner/work/KUgou/KUgou/ios -resource-dir /Applications/Xcode_16.4.app/Contents/Developer/Toolchains/XcodeDefault.xctoolchain/usr/lib/swift -file-compilation-dir /Users/runner/work/KUgou/KUgou/ios -Xcc -ivfsstatcache -Xcc /Users/runner/work/KUgou/KUgou/ios/build/SDKStatCaches.noindex/iphoneos18.5-22F76-a529daf784b3616c7c04a36aeb7f5c05.sdkstatcache -Xcc -I/Users/runner/work/KUgou/KUgou/ios/build/Build/Intermediates.noindex/AuroraMusic.build/Release-iphoneos/AuroraMusic.build/swift-overrides.hmap -Xcc -iquote -Xcc /Users/runner/work/KUgou/KUgou/ios/build/Build/Intermediates.noindex/AuroraMusic.build/Release-iphoneos/AuroraMusic.build/AuroraMusic-generated-files.hmap -Xcc -I/Users/runner/work/KUgou/KUgou/ios/build/Build/Intermediates.noindex/AuroraMusic.build/Release-iphoneos/AuroraMusic.build/AuroraMusic-own-target-headers.hmap -Xcc -I/Users/runner/work/KUgou/KUgou/ios/build/Build/Intermediates.noindex/AuroraMusic.build/Release-iphoneos/AuroraMusic.build/AuroraMusic-all-target-headers.hmap -Xcc -iquote -Xcc /Users/runner/work/KUgou/KUgou/ios/build/Build/Intermediates.noindex/AuroraMusic.build/Release-iphoneos/AuroraMusic.build/AuroraMusic-project-headers.hmap -Xcc -I/Users/runner/work/KUgou/KUgou/ios/build/Build/Products/Release-iphoneos/include -Xcc -I/Users/runner/work/KUgou/KUgou/ios/build/Build/Intermediates.noindex/AuroraMusic.build/Release-iphoneos/AuroraMusic.build/DerivedSources-normal/arm64 -Xcc -I/Users/runner/work/KUgou/KUgou/ios/build/Build/Intermediates.noindex/AuroraMusic.build/Release-iphoneos/AuroraMusic.build/DerivedSources/arm64 -Xcc -I/Users/runner/work/KUgou/KUgou/ios/build/Build/Intermediates.noindex/AuroraMusic.build/Release-iphoneos/AuroraMusic.build/DerivedSources -module-name AuroraMusic -frontend-parseable-output -disable-clang-spi -target-sdk-version 18.5 -target-sdk-name iphoneos18.5 -external-plugin-path /Applications/Xcode_16.4.app/Contents/Developer/Platforms/iPhoneOS.platform/Developer/usr/lib/swift/host/plugins\#/Applications/Xcode_16.4.app/Contents/Developer/Platforms/iPhoneOS.platform/Developer/usr/bin/swift-plugin-server -external-plugin-path /Applications/Xcode_16.4.app/Contents/Developer/Platforms/iPhoneOS.platform/Developer/usr/local/lib/swift/host/plugins\#/Applications/Xcode_16.4.app/Contents/Developer/Platforms/iPhoneOS.platform/Developer/usr/bin/swift-plugin-server -in-process-plugin-server-path /Applications/Xcode_16.4.app/Contents/Developer/Toolchains/XcodeDefault.xctoolchain/usr/lib/swift/host/libSwiftInProcPluginServer.dylib -plugin-path /Applications/Xcode_16.4.app/Contents/Developer/Toolchains/XcodeDefault.xctoolchain/usr/lib/swift/host/plugins -plugin-path /Applications/Xcode_16.4.app/Contents/Developer/Toolchains/XcodeDefault.xctoolchain/usr/local/lib/swift/host/plugins -enable-default-cmo -num-threads 3 -o /Users/runner/work/KUgou/KUgou/ios/build/Build/Intermediates.noindex/AuroraMusic.build/Release-iphoneos/AuroraMusic.build/Objects-normal/arm64/ArtworkPalette.o -o /Users/runner/work/KUgou/KUgou/ios/build/Build/Intermediates.noindex/AuroraMusic.build/Release-iphoneos/AuroraMusic.build/Objects-normal/arm64/AuroraMusicApp.o -o /Users/runner/work/KUgou/KUgou/ios/build/Build/Intermediates.noindex/AuroraMusic.build/Release-iphoneos/AuroraMusic.build/Objects-normal/arm64/Catalog.o -o /Users/runner/work/KUgou/KUgou/ios/build/Build/Intermediates.noindex/AuroraMusic.build/Release-iphoneos/AuroraMusic.build/Objects-normal/arm64/Components.o -o /Users/runner/work/KUgou/KUgou/ios/build/Build/Intermediates.noindex/AuroraMusic.build/Release-iphoneos/AuroraMusic.build/Objects-normal/arm64/DiscoverView.o -o /Users/runner/work/KUgou/KUgou/ios/build/Build/Intermediates.noindex/AuroraMusic.build/Release-iphoneos/AuroraMusic.build/Objects-normal/arm64/DownloadManager.o -o /Users/runner/work/KUgou/KUgou/ios/build/Build/Intermediates.noindex/AuroraMusic.build/Release-iphoneos/AuroraMusic.build/Objects-normal/arm64/LibraryStore.o -o /Users/runner/work/KUgou/KUgou/ios/build/Build/Intermediates.noindex/AuroraMusic.build/Release-iphoneos/AuroraMusic.build/Objects-normal/arm64/LibraryView.o -o /Users/runner/work/KUgou/KUgou/ios/build/Build/Intermediates.noindex/AuroraMusic.build/Release-iphoneos/AuroraMusic.build/Objects-normal/arm64/LyricLine.o -o /Users/runner/work/KUgou/KUgou/ios/build/Build/Intermediates.noindex/AuroraMusic.build/Release-iphoneos/AuroraMusic.build/Objects-normal/arm64/LyricsView.o -o /Users/runner/work/KUgou/KUgou/ios/build/Build/Intermediates.noindex/AuroraMusic.build/Release-iphoneos/AuroraMusic.build/Objects-normal/arm64/NetEaseClient.o -o /Users/runner/work/KUgou/KUgou/ios/build/Build/Intermediates.noindex/AuroraMusic.build/Release-iphoneos/AuroraMusic.build/Objects-normal/arm64/NetEaseCrypto.o -o /Users/runner/work/KUgou/KUgou/ios/build/Build/Intermediates.noindex/AuroraMusic.build/Release-iphoneos/AuroraMusic.build/Objects-normal/arm64/PlayerStore.o -o /Users/runner/work/KUgou/KUgou/ios/build/Build/Intermediates.noindex/AuroraMusic.build/Release-iphoneos/AuroraMusic.build/Objects-normal/arm64/PlayerView.o -o /Users/runner/work/KUgou/KUgou/ios/build/Build/Intermediates.noindex/AuroraMusic.build/Release-iphoneos/AuroraMusic.build/Objects-normal/arm64/PlaylistViews.o -o /Users/runner/work/KUgou/KUgou/ios/build/Build/Intermediates.noindex/AuroraMusic.build/Release-iphoneos/AuroraMusic.build/Objects-normal/arm64/ProfileView.o -o /Users/runner/work/KUgou/KUgou/ios/build/Build/Intermediates.noindex/AuroraMusic.build/Release-iphoneos/AuroraMusic.build/Objects-normal/arm64/QueueView.o -o /Users/runner/work/KUgou/KUgou/ios/build/Build/Intermediates.noindex/AuroraMusic.build/Release-iphoneos/AuroraMusic.build/Objects-normal/arm64/RootView.o -o /Users/runner/work/KUgou/KUgou/ios/build/Build/Intermediates.noindex/AuroraMusic.build/Release-iphoneos/AuroraMusic.build/Objects-normal/arm64/ScriptSourceRunner.o -o /Users/runner/work/KUgou/KUgou/ios/build/Build/Intermediates.noindex/AuroraMusic.build/Release-iphoneos/AuroraMusic.build/Objects-normal/arm64/SearchView.o -o /Users/runner/work/KUgou/KUgou/ios/build/Build/Intermediates.noindex/AuroraMusic.build/Release-iphoneos/AuroraMusic.build/Objects-normal/arm64/Song.o -o /Users/runner/work/KUgou/KUgou/ios/build/Build/Intermediates.noindex/AuroraMusic.build/Release-iphoneos/AuroraMusic.build/Objects-normal/arm64/SourceResolver.o -o /Users/runner/work/KUgou/KUgou/ios/build/Build/Intermediates.noindex/AuroraMusic.build/Release-iphoneos/AuroraMusic.build/Objects-normal/arm64/SourceSettingsView.o -o /Users/runner/work/KUgou/KUgou/ios/build/Build/Intermediates.noindex/AuroraMusic.build/Release-iphoneos/AuroraMusic.build/Objects-normal/arm64/ThirdPartySource.o -o /Users/runner/work/KUgou/KUgou/ios/build/Build/Intermediates.noindex/AuroraMusic.build/Release-iphoneos/AuroraMusic.build/Objects-normal/arm64/GeneratedAssetSymbols.o -index-unit-output-path /AuroraMusic.build/Release-iphoneos/AuroraMusic.build/Objects-normal/arm64/ArtworkPalette.o -index-unit-output-path /AuroraMusic.build/Release-iphoneos/AuroraMusic.build/Objects-normal/arm64/AuroraMusicApp.o -index-unit-output-path /AuroraMusic.build/Release-iphoneos/AuroraMusic.build/Objects-normal/arm64/Catalog.o -index-unit-output-path /AuroraMusic.build/Release-iphoneos/AuroraMusic.build/Objects-normal/arm64/Components.o -index-unit-output-path /AuroraMusic.build/Release-iphoneos/AuroraMusic.build/Objects-normal/arm64/DiscoverView.o -index-unit-output-path /AuroraMusic.build/Release-iphoneos/AuroraMusic.build/Objects-normal/arm64/DownloadManager.o -index-unit-output-path /AuroraMusic.build/Release-iphoneos/AuroraMusic.build/Objects-normal/arm64/LibraryStore.o -index-unit-output-path /AuroraMusic.build/Release-iphoneos/AuroraMusic.build/Objects-normal/arm64/LibraryView.o -index-unit-output-path /AuroraMusic.build/Release-iphoneos/AuroraMusic.build/Objects-normal/arm64/LyricLine.o -index-unit-output-path /AuroraMusic.build/Release-iphoneos/AuroraMusic.build/Objects-normal/arm64/LyricsView.o -index-unit-output-path /AuroraMusic.build/Release-iphoneos/AuroraMusic.build/Objects-normal/arm64/NetEaseClient.o -index-unit-output-path /AuroraMusic.build/Release-iphoneos/AuroraMusic.build/Objects-normal/arm64/NetEaseCrypto.o -index-unit-output-path /AuroraMusic.build/Release-iphoneos/AuroraMusic.build/Objects-normal/arm64/PlayerStore.o -index-unit-output-path /AuroraMusic.build/Release-iphoneos/AuroraMusic.build/Objects-normal/arm64/PlayerView.o -index-unit-output-path /AuroraMusic.build/Release-iphoneos/AuroraMusic.build/Objects-normal/arm64/PlaylistViews.o -index-unit-output-path /AuroraMusic.build/Release-iphoneos/AuroraMusic.build/Objects-normal/arm64/ProfileView.o -index-unit-output-path /AuroraMusic.build/Release-iphoneos/AuroraMusic.build/Objects-normal/arm64/QueueView.o -index-unit-output-path /AuroraMusic.build/Release-iphoneos/AuroraMusic.build/Objects-normal/arm64/RootView.o -index-unit-output-path /AuroraMusic.build/Release-iphoneos/AuroraMusic.build/Objects-normal/arm64/ScriptSourceRunner.o -index-unit-output-path /AuroraMusic.build/Release-iphoneos/AuroraMusic.build/Objects-normal/arm64/SearchView.o -index-unit-output-path /AuroraMusic.build/Release-iphoneos/AuroraMusic.build/Objects-normal/arm64/Song.o -index-unit-output-path /AuroraMusic.build/Release-iphoneos/AuroraMusic.build/Objects-normal/arm64/SourceResolver.o -index-unit-output-path /AuroraMusic.build/Release-iphoneos/AuroraMusic.build/Objects-normal/arm64/SourceSettingsView.o -index-unit-output-path /AuroraMusic.build/Release-iphoneos/AuroraMusic.build/Objects-normal/arm64/ThirdPartySource.o -index-unit-output-path /AuroraMusic.build/Release-iphoneos/AuroraMusic.build/Objects-normal/arm64/GeneratedAssetSymbols.o

CompileSwift normal arm64 (in target 'AuroraMusic' from project 'AuroraMusic')
    cd /Users/runner/work/KUgou/KUgou/ios
    
/Users/runner/work/KUgou/KUgou/ios/Sources/Player/DownloadManager.swift:177:24: warning: no calls to throwing functions occur within 'try' expression
        let resolved = try await SourceResolver.resolve(song: song, quality: SourceStore.shared.quality)
                       ^
/Users/runner/work/KUgou/KUgou/ios/Sources/Views/LibraryView.swift:114:13: error: referencing initializer 'init(codingKey:)' on 'RawRepresentable' requires that 'LibraryView.Section' conform to 'CodingKeyRepresentable'
            Section {
            ^
Swift.RawRepresentable:2:11: note: where 'Self' = 'LibraryView.Section'
extension RawRepresentable where Self : CodingKeyRepresentable, Self.RawValue == Int {
          ^
/Users/runner/work/KUgou/KUgou/ios/Sources/Views/LibraryView.swift:114:13: note: did you mean to use '.rawValue'?
            Section {
            ^
                   .rawValue
/Users/runner/work/KUgou/KUgou/ios/Sources/Views/LibraryView.swift:126:23: error: extra trailing closure passed in call
            } header: {
                      ^
/Users/runner/work/KUgou/KUgou/ios/Sources/Views/LibraryView.swift:114:13: error: type '() -> some DynamicViewContent' cannot conform to 'CodingKey'
            Section {
            ^
/Users/runner/work/KUgou/KUgou/ios/Sources/Views/LibraryView.swift:114:13: note: only concrete types such as structs, enums and classes can conform to protocols
            Section {
            ^
/Users/runner/work/KUgou/KUgou/ios/Sources/Views/LibraryView.swift:114:13: note: required by initializer 'init(codingKey:)' where 'T' = '() -> some DynamicViewContent'
            Section {
            ^
/Users/runner/work/KUgou/KUgou/ios/Sources/Net/NetEaseClient.swift:100:13: warning: variable 'parts' was never mutated; consider changing to 'let' constant
        var parts = [
        ~~~ ^
        let
/Users/runner/work/KUgou/KUgou/ios/Sources/Net/NetEaseCrypto.swift:288:13: warning: 'CC_MD5' was deprecated in iOS 13.0: This function is cryptographically broken and should not be used in security contexts. Clients should migrate to SHA256 (or stronger).
            CC_MD5(buffer.baseAddress, CC_LONG(count), &digest)
            ^
/Users/runner/work/KUgou/KUgou/ios/Sources/Player/PlayerStore.swift:191:35: warning: reference to captured var 'name' in concurrently-executing code; this is an error in the Swift 6 language mode
                self.sourceName = name
                                  ^
/Users/runner/work/KUgou/KUgou/ios/Sources/Player/PlayerStore.swift:192:37: warning: reference to captured var 'label' in concurrently-executing code; this is an error in the Swift 6 language mode
                self.bitrateLabel = label
                                    ^
/Users/runner/work/KUgou/KUgou/ios/Sources/Player/PlayerStore.swift:193:27: warning: reference to captured var 'resolvedURL' in concurrently-executing code; this is an error in the Swift 6 language mode
                guard let resolvedURL else {
                          ^
/Users/runner/work/KUgou/KUgou/ios/Sources/Player/PlayerStore.swift:199:59: warning: reference to captured var 'isThirdParty' in concurrently-executing code; this is an error in the Swift 6 language mode
                self.attach(url: resolvedURL, thirdParty: isThirdParty, autoplay: autoplay)
                                                          ^
/Users/runner/work/KUgou/KUgou/ios/Sources/Player/PlayerStore.swift:441:62: error: value of type 'AVPlayerItem' has no member 'url'
        guard itemThirdParty, let host = player.currentItem?.url?.host?.lowercased() else {
                                         ~~~~~~~~~~~~~~~~~~~ ^~~
/Users/runner/work/KUgou/KUgou/ios/Sources/Views/RootView.swift:145:72: error: cannot find 'isPlayerExpanded' in scope
        withAnimation(.spring(response: 0.5, dampingFraction: 0.86)) { isPlayerExpanded = true }
                                                                       ^~~~~~~~~~~~~~~~
/Users/runner/work/KUgou/KUgou/ios/Sources/Net/ScriptSourceRunner.swift:143:40: error: value of type 'Data' has no member 'baseAddress'
                        isCBC ? ivData.baseAddress : nil,
                                ~~~~~~ ^~~~~~~~~~~
/Users/runner/work/KUgou/KUgou/ios/Sources/Net/ScriptSourceRunner.swift:290:27: warning: capture of 'self' with non-sendable type 'ScriptRuntime?' in a '@Sendable' closure
                guard let self else { return resume(nil) }
                          ^
/Users/runner/work/KUgou/KUgou/ios/Sources/Net/ScriptSourceRunner.swift:160:13: note: class 'ScriptRuntime' does not conform to the 'Sendable' protocol
final class ScriptRuntime {
            ^
/Users/runner/work/KUgou/KUgou/ios/Sources/Net/ScriptSourceRunner.swift:292:40: warning: capture of 'completion' with non-sendable type 'ScriptCompletion' in a '@Sendable' closure
                self.context.setObject(completion, forKeyedSubscript: "__beansDone" as NSString)
                                       ^
/Users/runner/work/KUgou/KUgou/ios/Sources/Net/ScriptSourceRunner.swift:22:13: note: class 'ScriptCompletion' does not conform to the 'Sendable' protocol
final class ScriptCompletion: NSObject, ScriptDoneBridge {
            ^
/Users/runner/work/KUgou/KUgou/ios/Sources/Models/Song.swift:104:63: error: cannot convert value of type 'String' to expected argument type 'Int'
        self.id = id ?? "\(source.code):\(neteaseID ?? UUID().uuidString)"
                                                              ^
/Users/runner/work/KUgou/KUgou/ios/Sources/Net/ThirdPartySource.swift:110:13: error: operator can throw but expression is not marked with 'try'
            ?? (try container.decodeIfPresent(String.self, forKey: .url))
~~~~~~~~~~~~^~~~~~~~~~~~~~~~~~~~~~~~~~~~~~~~~~~~~~~~~~~~~~~~~~~~~~~~~~~~~
/Users/runner/work/KUgou/KUgou/ios/Sources/Net/ThirdPartySource.swift:110:16: note: call is to 'rethrows' function, but argument function can throw
            ?? (try container.decodeIfPresent(String.self, forKey: .url))
               ^
/Users/runner/work/KUgou/KUgou/ios/Sources/Net/ThirdPartySource.swift:127:23: error: cannot use mutating member on immutable value: 'container' is a 'let' constant
        try container.encode(id, forKey: .id)
            ~~~~~~~~~ ^
/Users/runner/work/KUgou/KUgou/ios/Sources/Net/ThirdPartySource.swift:126:9: note: change 'let' to 'var' to make it mutable
        let container = encoder.container(keyedBy: CodingKeys.self)
        ^~~
        var
/Users/runner/work/KUgou/KUgou/ios/Sources/Net/ThirdPartySource.swift:128:23: error: cannot use mutating member on immutable value: 'container' is a 'let' constant
        try container.encode(name, forKey: .name)
            ~~~~~~~~~ ^
/Users/runner/work/KUgou/KUgou/ios/Sources/Net/ThirdPartySource.swift:126:9: note: change 'let' to 'var' to make it mutable
        let container = encoder.container(keyedBy: CodingKeys.self)
        ^~~
        var
/Users/runner/work/KUgou/KUgou/ios/Sources/Net/ThirdPartySource.swift:129:23: error: cannot use mutating member on immutable value: 'container' is a 'let' constant
        try container.encode(kind.rawValue, forKey: .kind)
            ~~~~~~~~~ ^
/Users/runner/work/KUgou/KUgou/ios/Sources/Net/ThirdPartySource.swift:126:9: note: change 'let' to 'var' to make it mutable
        let container = encoder.container(keyedBy: CodingKeys.self)
        ^~~
        var
/Users/runner/work/KUgou/KUgou/ios/Sources/Net/ThirdPartySource.swift:130:23: error: cannot use mutating member on immutable value: 'container' is a 'let' constant
        try container.encode(template, forKey: .template)
            ~~~~~~~~~ ^
/Users/runner/work/KUgou/KUgou/ios/Sources/Net/ThirdPartySource.swift:126:9: note: change 'let' to 'var' to make it mutable
        let container = encoder.container(keyedBy: CodingKeys.self)
        ^~~
        var
/Users/runner/work/KUgou/KUgou/ios/Sources/Net/ThirdPartySource.swift:131:23: error: cannot use mutating member on immutable value: 'container' is a 'let' constant
        try container.encode(urlPath, forKey: .urlPath)
            ~~~~~~~~~ ^
/Users/runner/work/KUgou/KUgou/ios/Sources/Net/ThirdPartySource.swift:126:9: note: change 'let' to 'var' to make it mutable
        let container = encoder.container(keyedBy: CodingKeys.self)
        ^~~
        var
/Users/runner/work/KUgou/KUgou/ios/Sources/Net/ThirdPartySource.swift:132:23: error: cannot use mutating member on immutable value: 'container' is a 'let' constant
        try container.encode(headers, forKey: .headers)
            ~~~~~~~~~ ^
/Users/runner/work/KUgou/KUgou/ios/Sources/Net/ThirdPartySource.swift:126:9: note: change 'let' to 'var' to make it mutable
        let container = encoder.container(keyedBy: CodingKeys.self)
        ^~~
        var
/Users/runner/work/KUgou/KUgou/ios/Sources/Net/ThirdPartySource.swift:133:23: error: cannot use mutating member on immutable value: 'container' is a 'let' constant
        try container.encode(quality, forKey: .quality)
            ~~~~~~~~~ ^
/Users/runner/work/KUgou/KUgou/ios/Sources/Net/ThirdPartySource.swift:126:9: note: change 'let' to 'var' to make it mutable
        let container = encoder.container(keyedBy: CodingKeys.self)
        ^~~
        var
/Users/runner/work/KUgou/KUgou/ios/Sources/Net/ThirdPartySource.swift:134:44: error: cannot use mutating member on immutable value: 'container' is a 'let' constant
        if !script.isEmpty { try container.encode(script, forKey: .script) }
                                 ~~~~~~~~~ ^
/Users/runner/work/KUgou/KUgou/ios/Sources/Net/ThirdPartySource.swift:126:9: note: change 'let' to 'var' to make it mutable
        let container = encoder.container(keyedBy: CodingKeys.self)
        ^~~
        var
/Users/runner/work/KUgou/KUgou/ios/Sources/Net/ThirdPartySource.swift:135:23: error: cannot use mutating member on immutable value: 'container' is a 'let' constant
        try container.encode(enabled, forKey: .enabled)
            ~~~~~~~~~ ^
/Users/runner/work/KUgou/KUgou/ios/Sources/Net/ThirdPartySource.swift:126:9: note: change 'let' to 'var' to make it mutable
        let container = encoder.container(keyedBy: CodingKeys.self)
        ^~~
        var

SwiftDriver\ Compilation AuroraMusic normal arm64 com.apple.xcode.tools.swift.compiler (in target 'AuroraMusic' from project 'AuroraMusic')
    cd /Users/runner/work/KUgou/KUgou/ios
    builtin-Swift-Compilation -- /Applications/Xcode_16.4.app/Contents/Developer/Toolchains/XcodeDefault.xctoolchain/usr/bin/swiftc -module-name AuroraMusic -O -whole-module-optimization -enforce-exclusivity\=checked @/Users/runner/work/KUgou/KUgou/ios/build/Build/Intermediates.noindex/AuroraMusic.build/Release-iphoneos/AuroraMusic.build/Objects-normal/arm64/AuroraMusic.SwiftFileList -enable-bare-slash-regex -enable-experimental-feature DebugDescriptionMacro -sdk /Applications/Xcode_16.4.app/Contents/Developer/Platforms/iPhoneOS.platform/Developer/SDKs/iPhoneOS18.5.sdk -target arm64-apple-ios16.0 -g -module-cache-path /Users/runner/work/KUgou/KUgou/ios/build/ModuleCache.noindex -Xfrontend -serialize-debugging-options -swift-version 5 -I /Users/runner/work/KUgou/KUgou/ios/build/Build/Products/Release-iphoneos -F /Users/runner/work/KUgou/KUgou/ios/build/Build/Products/Release-iphoneos -emit-localized-strings -emit-localized-strings-path /Users/runner/work/KUgou/KUgou/ios/build/Build/Intermediates.noindex/AuroraMusic.build/Release-iphoneos/AuroraMusic.build/Objects-normal/arm64 -c -num-threads 3 -Xcc -ivfsstatcache -Xcc /Users/runner/work/KUgou/KUgou/ios/build/SDKStatCaches.noindex/iphoneos18.5-22F76-a529daf784b3616c7c04a36aeb7f5c05.sdkstatcache -output-file-map /Users/runner/work/KUgou/KUgou/ios/build/Build/Intermediates.noindex/AuroraMusic.build/Release-iphoneos/AuroraMusic.build/Objects-normal/arm64/AuroraMusic-OutputFileMap.json -use-frontend-parseable-output -save-temps -no-color-diagnostics -serialize-diagnostics -emit-dependencies -emit-module -emit-module-path /Users/runner/work/KUgou/KUgou/ios/build/Build/Intermediates.noindex/AuroraMusic.build/Release-iphoneos/AuroraMusic.build/Objects-normal/arm64/AuroraMusic.swiftmodule -validate-clang-modules-once -clang-build-session-file /Users/runner/work/KUgou/KUgou/ios/build/ModuleCache.noindex/Session.modulevalidation -Xcc -I/Users/runner/work/KUgou/KUgou/ios/build/Build/Intermediates.noindex/AuroraMusic.build/Release-iphoneos/AuroraMusic.build/swift-overrides.hmap -emit-const-values -Xfrontend -const-gather-protocols-file -Xfrontend /Users/runner/work/KUgou/KUgou/ios/build/Build/Intermediates.noindex/AuroraMusic.build/Release-iphoneos/AuroraMusic.build/Objects-normal/arm64/AuroraMusic_const_extract_protocols.json -Xcc -iquote -Xcc /Users/runner/work/KUgou/KUgou/ios/build/Build/Intermediates.noindex/AuroraMusic.build/Release-iphoneos/AuroraMusic.build/AuroraMusic-generated-files.hmap -Xcc -I/Users/runner/work/KUgou/KUgou/ios/build/Build/Intermediates.noindex/AuroraMusic.build/Release-iphoneos/AuroraMusic.build/AuroraMusic-own-target-headers.hmap -Xcc -I/Users/runner/work/KUgou/KUgou/ios/build/Build/Intermediates.noindex/AuroraMusic.build/Release-iphoneos/AuroraMusic.build/AuroraMusic-all-target-headers.hmap -Xcc -iquote -Xcc /Users/runner/work/KUgou/KUgou/ios/build/Build/Intermediates.noindex/AuroraMusic.build/Release-iphoneos/AuroraMusic.build/AuroraMusic-project-headers.hmap -Xcc -I/Users/runner/work/KUgou/KUgou/ios/build/Build/Products/Release-iphoneos/include -Xcc -I/Users/runner/work/KUgou/KUgou/ios/build/Build/Intermediates.noindex/AuroraMusic.build/Release-iphoneos/AuroraMusic.build/DerivedSources-normal/arm64 -Xcc -I/Users/runner/work/KUgou/KUgou/ios/build/Build/Intermediates.noindex/AuroraMusic.build/Release-iphoneos/AuroraMusic.build/DerivedSources/arm64 -Xcc -I/Users/runner/work/KUgou/KUgou/ios/build/Build/Intermediates.noindex/AuroraMusic.build/Release-iphoneos/AuroraMusic.build/DerivedSources -emit-objc-header -emit-objc-header-path /Users/runner/work/KUgou/KUgou/ios/build/Build/Intermediates.noindex/AuroraMusic.build/Release-iphoneos/AuroraMusic.build/Objects-normal/arm64/AuroraMusic-Swift.h -working-directory /Users/runner/work/KUgou/KUgou/ios -no-emit-module-separately-wmo

note: Disabling previews because SWIFT_VERSION is set and SWIFT_OPTIMIZATION_LEVEL=-O, expected -Onone (in target 'AuroraMusic' from project 'AuroraMusic')
** BUILD FAILED **


The following build commands failed:
	SwiftCompile normal arm64 Compiling\ ArtworkPalette.swift,\ AuroraMusicApp.swift,\ Catalog.swift,\ Components.swift,\ DiscoverView.swift,\ DownloadManager.swift,\ LibraryStore.swift,\ LibraryView.swift,\ LyricLine.swift,\ LyricsView.swift,\ NetEaseClient.swift,\ NetEaseCrypto.swift,\ PlayerStore.swift,\ PlayerView.swift,\ PlaylistViews.swift,\ ProfileView.swift,\ QueueView.swift,\ RootView.swift,\ ScriptSourceRunner.swift,\ SearchView.swift,\ Song.swift,\ SourceResolver.swift,\ SourceSettingsView.swift,\ ThirdPartySource.swift,\ GeneratedAssetSymbols.swift /Users/runner/work/KUgou/KUgou/ios/Sources/Player/ArtworkPalette.swift /Users/runner/work/KUgou/KUgou/ios/Sources/App/AuroraMusicApp.swift /Users/runner/work/KUgou/KUgou/ios/Sources/Models/Catalog.swift /Users/runner/work/KUgou/KUgou/ios/Sources/Views/Components.swift /Users/runner/work/KUgou/KUgou/ios/Sources/Views/DiscoverView.swift /Users/runner/work/KUgou/KUgou/ios/Sources/Player/DownloadManager.swift /Users/runner/work/KUgou/KUgou/ios/Sources/Player/LibraryStore.swift /Users/runner/work/KUgou/KUgou/ios/Sources/Views/LibraryView.swift /Users/runner/work/KUgou/KUgou/ios/Sources/Models/LyricLine.swift /Users/runner/work/KUgou/KUgou/ios/Sources/Views/LyricsView.swift /Users/runner/work/KUgou/KUgou/ios/Sources/Net/NetEaseClient.swift /Users/runner/work/KUgou/KUgou/ios/Sources/Net/NetEaseCrypto.swift /Users/runner/work/KUgou/KUgou/ios/Sources/Player/PlayerStore.swift /Users/runner/work/KUgou/KUgou/ios/Sources/Views/PlayerView.swift /Users/runner/work/KUgou/KUgou/ios/Sources/Views/PlaylistViews.swift /Users/runner/work/KUgou/KUgou/ios/Sources/Views/ProfileView.swift /Users/runner/work/KUgou/KUgou/ios/Sources/Views/QueueView.swift /Users/runner/work/KUgou/KUgou/ios/Sources/Views/RootView.swift /Users/runner/work/KUgou/KUgou/ios/Sources/Net/ScriptSourceRunner.swift /Users/runner/work/KUgou/KUgou/ios/Sources/Views/SearchView.swift /Users/runner/work/KUgou/KUgou/ios/Sources/Models/Song.swift /Users/runner/work/KUgou/KUgou/ios/Sources/Net/SourceResolver.swift /Users/runner/work/KUgou/KUgou/ios/Sources/Views/SourceSettingsView.swift /Users/runner/work/KUgou/KUgou/ios/Sources/Net/ThirdPartySource.swift /Users/runner/work/KUgou/KUgou/ios/build/Build/Intermediates.noindex/AuroraMusic.build/Release-iphoneos/AuroraMusic.build/DerivedSources/GeneratedAssetSymbols.swift (in target 'AuroraMusic' from project 'AuroraMusic')
	CompileSwift normal arm64 (in target 'AuroraMusic' from project 'AuroraMusic')
	Building project AuroraMusic with scheme AuroraMusic and configuration Release
(3 failures)
